// Jest Snapshot v1, https://goo.gl/fbAQLP

exports[`Header tests To match snapshot 1`] = `
<DocumentFragment>
  <header
    class="container headerContainer headerContent"
  >
    <div
      class="row align-items-start justify-content-between"
    >
      <div
        class="col"
      >
        <span
          class="Logo"
        >
          <b>
            netflix
          </b>
          roulette
        </span>
      </div>
      <div
        class="col"
      >
        <button
          class="btn addBtn"
        >
          + add movie
        </button>
      </div>
      <div
        class="col col-12"
      >
        <div
          class="findYourMovie"
        >
          <p
            class="h1 h1"
          >
            Find your movie
          </p>
          <form
            class="searchForm"
          >
            <div
              class="formGroup"
            >
              <div
                class="findInput"
              >
                <div
                  class="inputField"
                >
                  <input
                    class="field"
                    id="find-movie"
                    name="find-movie"
                    placeholder="What do you want to watch?"
                    type="text"
                    value=""
                  />
                </div>
              </div>
              <button
                class="btn searchBtn"
              >
                Search
              </button>
            </div>
          </form>
        </div>
      </div>
    </div>
  </header>
</DocumentFragment>
`;
