// Jest Snapshot v1, https://goo.gl/fbAQLP

exports[`Search tests To match snapshot 1`] = `
<DocumentFragment>
  <div
    class="errorContent"
  >
    <div
      class="errorCard"
    >
      <h2
        class="errorMessage"
      >
        Oops! Something went wrong. Please try again later.
      </h2>
      <button
        class="btn errorBtn"
      >
        Try again
      </button>
    </div>
  </div>
</DocumentFragment>
`;
