// Jest Snapshot v1, https://goo.gl/fbAQLP

exports[`CompletionMoviePopup tests To match snapshot 1`] = `
<DocumentFragment>
  <div
    class="completionMovie"
  >
    <div
      class="completionIcon"
    >
      <svg
        fill="none"
        height="66"
        viewBox="0 0 66 66"
        width="66"
        xmlns="http://www.w3.org/2000/svg"
      >
        <circle
          cx="33"
          cy="33"
          fill="#F65261"
          r="32.5"
          stroke="#F65261"
        />
        <path
          d="M14 35.8347L24.1175 46L49 21"
          stroke="white"
          stroke-linecap="round"
          stroke-width="5"
        />
      </svg>
    </div>
    <p
      class="h1 completionTitle"
    >
      congratulations !
    </p>
    <p
      class="completionText"
    >
      Some text
    </p>
  </div>
</DocumentFragment>
`;
